ASxxxx Linker V03.00/V05.40 + sdld,  page 1.
Hexadecimal  [32-Bits]

Area                                    Addr        Size        Decimal Bytes (Attributes)
--------------------------------        ----        ----        ------- ----- ------------
.  .ABS.                            00000000    00000000 =           0. bytes (ABS,CON)

      Value  Global                              Global Defined In Module
      -----  --------------------------------   ------------------------
     00000000  .__.ABS.                           
     00000000  _rRAMG                             
     00000000  l__BASE                         
     00000000  l__BSS                          
     00000000  l__CABS                         
     00000000  l__CODE_0                       
     00000000  l__CRASH_HEADER                 
     00000000  l__CRASH_SCRATCH                
     00000000  l__DABS                         
     00000000  l__HEADER                       
     00000000  l__HEADER_LCD                   
     00000000  l__HEADER_SIO                   
     00000000  l__HEADER_TIMER                 
     00000000  l__HEAP                         
     00000000  l__HEAP_END                     
     00000000  l__HRAM                         
     00000000  l__LIT                          
     00000000  s__CABS                         
     00000000  s__CRASH_HEADER                 
     00000000  s__CRASH_HEADER0                
     00000000  s__CRASH_HEADER1                
     00000000  s__CRASH_SCRATCH                
     00000000  s__CRASH_SCRATCH2               
     00000000  s__DABS                         
     00000000  s__HEADER                       
     00000000  s__HEADER0                      
     00000000  s__HEADER1                      
     00000000  s__HEADER10                     
     00000000  s__HEADER11                     
     00000000  s__HEADER2                      
     00000000  s__HEADER3                      
     00000000  s__HEADER4                      
     00000000  s__HEADER5                      
     00000000  s__HEADER6                      
     00000000  s__HEADER7                      
     00000000  s__HEADER8                      
     00000000  s__HEADER9                      
     00000000  s__HEADER_LCD                   
     00000000  s__HEADER_LCD0                  
     00000000  s__HEADER_SIO                   
     00000000  s__HEADER_SIO0                  
     00000000  s__HEADER_TIMER                 
     00000000  s__HEADER_TIMER0                
     00000000  s__HEADERa                      
     00000000  s__HEADERb                      
     00000000  s__HEADERc                      
     00000000  s__HEADERd                      
     00000000  s__HEADERe                      
     00000000  s__HEADERf                      
     00000000  s__HRAM                         
ASxxxx Linker V03.00/V05.40 + sdld,  page 2.
Hexadecimal  [32-Bits]

Area                                    Addr        Size        Decimal Bytes (Attributes)
--------------------------------        ----        ----        ------- ----- ------------
.  .ABS.                            00000000    00000000 =           0. bytes (ABS,CON)

      Value  Global                              Global Defined In Module
      -----  --------------------------------   ------------------------
     00000000  s__HRAM12                       
     00000001  ___bank_ACTOR                      actor
     00000001  ___bank_VM_ACTOR                   vm_actor
     00000001  ___bank_VM_SGB                     vm_sgb
     00000001  ___bank_palette_0                  palette_0
     00000001  ___bank_palette_1                  palette_1
     00000001  ___bank_song_rulz_outside_0_Data   song_rulz_outside_0_Data
     00000001  ___mute_mask_sound_legacy_0_0      sound_legacy_0_0
     00000001  b_activate_actor                   actor
     00000001  b_activate_actors_in_col           actor
     00000001  b_activate_actors_in_row           actor
     00000001  b_actor_at_tile                    actor
     00000001  b_actor_get_frame_offset           actor
     00000001  b_actor_in_front_of_player         actor
     00000001  b_actor_overlapping_bb             actor
     00000001  b_actor_overlapping_player         actor
     00000001  b_actor_set_anim_idle              actor
     00000001  b_actor_set_anim_moving            actor
     00000001  b_actor_set_dir                    actor
     00000001  b_actor_set_frame_offset           actor
     00000001  b_actor_set_frames                 actor
     00000001  b_actors_handle_player_collision   actor
     00000001  b_actors_init                      actor
     00000001  b_check_collision_in_direction     actor
     00000001  b_deactivate_actor                 actor
     00000001  b_player_init                      actor
     00000001  b_restore_sram                     flasher
     00000001  b_restore_sram_bank                flasher
     00000001  b_save_sram                        flasher
     00000001  b_ui_draw_frame                    ui
     00000001  b_ui_draw_text_buffer_char         ui
     00000001  b_ui_init                          ui
     00000001  b_ui_load_tiles                    ui
     00000001  b_ui_run_menu                      ui
     00000001  b_ui_run_modal                     ui
     00000001  b_ui_set_start_tile                ui
     00000001  b_vm_actor_activate                vm_actor
     00000001  b_vm_actor_begin_update            vm_actor
     00000001  b_vm_actor_deactivate              vm_actor
     00000001  b_vm_actor_emote                   vm_actor
     00000001  b_vm_actor_get_angle               vm_actor
     00000001  b_vm_actor_get_anim_frame          vm_actor
     00000001  b_vm_actor_get_dir                 vm_actor
     00000001  b_vm_actor_get_pos                 vm_actor
     00000001  b_vm_actor_move_cancel             vm_actor
     00000001  b_vm_actor_move_to                 vm_actor
     00000001  b_vm_actor_replace_tile            vm_actor
     00000001  b_vm_actor_set_anim                vm_actor
     00000001  b_vm_actor_set_anim_frame          vm_actor
     00000001  b_vm_actor_set_anim_set            vm_actor
     00000001  b_vm_actor_set_anim_tick           vm_actor
ASxxxx Linker V03.00/V05.40 + sdld,  page 3.
Hexadecimal  [32-Bits]

Area                                    Addr        Size        Decimal Bytes (Attributes)
--------------------------------        ----        ----        ------- ----- ------------
.  .ABS.                            00000000    00000000 =           0. bytes (ABS,CON)

      Value  Global                              Global Defined In Module
      -----  --------------------------------   ------------------------
     00000001  b_vm_actor_set_bounds              vm_actor
     00000001  b_vm_actor_set_dir                 vm_actor
     00000001  b_vm_actor_set_flags               vm_actor
     00000001  b_vm_actor_set_move_speed          vm_actor
     00000001  b_vm_actor_set_pos                 vm_actor
     00000001  b_vm_actor_set_spritesheet         vm_actor
     00000001  b_vm_actor_set_spritesheet_by_re   vm_actor
     00000001  b_vm_actor_terminate_update        vm_actor
     00000001  l__GSFINAL                      
     00000001  l__HEADER0                      
     00000001  l__HEADER5                      
     00000001  l__HEADERa                      
     00000001  l__HEADERb                      
     00000001  l__HEADERc                      
     00000001  l__HEADERe                      
     00000001  l__HEADERf                      
     00000002  ___bank_VM_MAIN                    vm
     00000002  ___bank_VM_UI                      vm_ui
     00000002  ___bank_font_gbs_mono              font_gbs_mono
     00000002  ___bank_song_rulz_lightmood_0_Da   song_rulz_lightmood_0_Data
     00000002  ___bank_song_tronimal_drumsexamp   song_tronimal_drumsexample_D
     00000002  ___mute_mask_sound_tronimal_soun   sound_tronimal_sound_effect
     00000002  ___mute_mask_sound_tronimal_soun   sound_tronimal_sound_effect
     00000002  ___mute_mask_sound_tronimal_soun   sound_tronimal_sound_effect
     00000002  ___mute_mask_sound_tronimal_soun   sound_tronimal_sound_effect
     00000002  ___mute_mask_sound_tronimal_soun   sound_tronimal_sound_effect
     00000002  ___mute_mask_sound_tronimal_soun   sound_tronimal_sound_effect
     00000002  ___mute_mask_sound_tronimal_soun   sound_tronimal_sound_effect
     00000002  b_remove_LCD_ISRs                  interrupts
     00000002  b_script_detach_hthread            vm
     00000002  b_script_execute                   vm
     00000002  b_script_runner_init               vm
     00000002  b_script_terminate                 vm
     00000002  b_vm_call                          vm
     00000002  b_vm_call_far                      vm
     00000002  b_vm_choice                        vm_ui
     00000002  b_vm_display_text                  vm_ui
     00000002  b_vm_get_indirect                  vm
     00000002  b_vm_get_tlocal                    vm
     00000002  b_vm_idle                          vm
     00000002  b_vm_if                            vm
     00000002  b_vm_if_const                      vm
     00000002  b_vm_init_rng                      vm
     00000002  b_vm_invoke                        vm
     00000002  b_vm_join                          vm
     00000002  b_vm_jump                          vm
     00000002  b_vm_lock                          vm
     00000002  b_vm_loop                          vm
     00000002  b_vm_memcpy                        vm
     00000002  b_vm_memset                        vm
     00000002  b_vm_overlay_clear                 vm_ui
ASxxxx Linker V03.00/V05.40 + sdld,  page 4.
Hexadecimal  [32-Bits]

Area                                    Addr        Size        Decimal Bytes (Attributes)
--------------------------------        ----        ----        ------- ----- ------------
.  .ABS.                            00000000    00000000 =           0. bytes (ABS,CON)

      Value  Global                              Global Defined In Module
      -----  --------------------------------   ------------------------
     00000002  b_vm_overlay_move_to               vm_ui
     00000002  b_vm_overlay_scroll                vm_ui
     00000002  b_vm_overlay_set_map               vm_ui
     00000002  b_vm_overlay_set_scroll            vm_ui
     00000002  b_vm_overlay_set_submap            vm_ui
     00000002  b_vm_overlay_set_submap_ex         vm_ui
     00000002  b_vm_overlay_setpos                vm_ui
     00000002  b_vm_overlay_show                  vm_ui
     00000002  b_vm_overlay_wait                  vm_ui
     00000002  b_vm_poll_loaded                   vm
     00000002  b_vm_pop                           vm
     00000002  b_vm_push                          vm
     00000002  b_vm_push_reference                vm
     00000002  b_vm_push_value                    vm
     00000002  b_vm_push_value_ind                vm
     00000002  b_vm_raise                         vm
     00000002  b_vm_rand                          vm
     00000002  b_vm_reserve                       vm
     00000002  b_vm_ret                           vm
     00000002  b_vm_ret_far                       vm
     00000002  b_vm_set                           vm
     00000002  b_vm_set_const                     vm
     00000002  b_vm_set_font                      vm_ui
     00000002  b_vm_set_indirect                  vm
     00000002  b_vm_set_text_sound                vm_ui
     00000002  b_vm_switch_text_layer             vm_ui
     00000002  b_vm_terminate                     vm
     00000002  b_vm_test_terminate                vm
     00000002  b_vm_unlock                        vm
     00000002  b_wait_frames                      vm
     00000002  l__HEADER10                     
     00000002  l__HEADER6                      
     00000002  l__HEADERd                      
     00000003  ___bank_bg_map2_tileset            bg_map2_tileset
     00000003  ___bank_bg_map3_tileset            bg_map3_tileset
     00000003  ___bank_bg_mmmmmmmmmmmmmap_tiles   bg_mmmmmmmmmmmmmap_tileset
     00000003  ___bank_song_tronimal_echoexampl   song_tronimal_echoexample_Da
     00000003  ___bank_song_win_Data              song_win_Data
     00000003  b_do_load_palette                  data_manager
     00000003  b_load_background                  data_manager
     00000003  b_load_bkg_tileset                 data_manager
     00000003  b_load_bounds                      data_manager
     00000003  b_load_emote                       data_manager
     00000003  b_load_init                        data_manager
     00000003  b_load_player                      data_manager
     00000003  b_load_scene                       data_manager
     00000003  b_load_sprite                      data_manager
     00000003  b_set_sgb_border                   sgb_border
     00000003  l__HEADER9                      
     00000003  l__HEADER_LCD0                  
     00000003  l__HRAM12                       
ASxxxx Linker V03.00/V05.40 + sdld,  page 5.
Hexadecimal  [32-Bits]

Area                                    Addr        Size        Decimal Bytes (Attributes)
--------------------------------        ----        ----        ------- ----- ------------
.  .ABS.                            00000000    00000000 =           0. bytes (ABS,CON)

      Value  Global                              Global Defined In Module
      -----  --------------------------------   ------------------------
     00000004  ___bank_VM_CAMERA                  vm_camera
     00000004  ___bank_VM_GAMEBOY                 vm_gameboy
     00000004  ___bank_bg_map2_tilemap            bg_map2_tilemap
     00000004  ___bank_bg_map3_tilemap            bg_map3_tilemap
     00000004  ___bank_bg_mmmmmmmmmmmmmap_tilem   bg_mmmmmmmmmmmmmap_tilemap
     00000004  ___bank_scene_10_collisions        scene_10_collisions
     00000004  ___bank_scene_11_collisions        scene_11_collisions
     00000004  ___bank_scene_1_collisions         scene_1_collisions
     00000004  ___bank_scene_5_init               scene_5_init
     00000004  b_camera_shake_frames              vm_camera
     00000004  b_core_reset                       core
     00000004  b_core_run                         core
     00000004  b_data_clear                       load_save
     00000004  b_data_init                        load_save
     00000004  b_data_load                        load_save
     00000004  b_data_peek                        load_save
     00000004  b_data_save                        load_save
     00000004  b_erase_flash                      
     00000004  b_parallax_init                    parallax
     00000004  b_projectile_launch                projectiles
     00000004  b_projectiles_init                 projectiles
     00000004  b_save_sram_banks                  
     00000004  b_scroll_init                      scroll
     00000004  b_scroll_repaint                   scroll
     00000004  b_scroll_reset                     scroll
     00000004  b_scroll_update                    scroll
     00000004  b_topdown_init                     topdown
     00000004  b_topdown_update                   topdown
     00000004  b_vm_camera_move_to                vm_camera
     00000004  b_vm_camera_set_pos                vm_camera
     00000004  b_vm_context_prepare               vm_gameboy
     00000004  b_vm_fade                          vm_gameboy
     00000004  b_vm_get_tile_xy                   vm_gameboy
     00000004  b_vm_input_attach                  vm_gameboy
     00000004  b_vm_input_detach                  vm_gameboy
     00000004  b_vm_input_get                     vm_gameboy
     00000004  b_vm_input_wait                    vm_gameboy
     00000004  b_vm_load_tileset                  vm_gameboy
     00000004  b_vm_poll                          vm_gameboy
     00000004  b_vm_replace_tile                  vm_gameboy
     00000004  b_vm_replace_tile_xy               vm_gameboy
     00000004  b_vm_rumble                        vm_gameboy
     00000004  b_vm_set_sprite_mode               vm_gameboy
     00000004  b_vm_set_sprites_visible           vm_gameboy
     00000004  b_vm_timer_prepare                 vm_gameboy
     00000004  b_vm_timer_reset                   vm_gameboy
     00000004  b_vm_timer_set                     vm_gameboy
     00000004  b_vm_timer_stop                    vm_gameboy
     00000004  l__CRASH_HEADER1                
     00000004  l__HEADER_SIO0                  
     00000004  l__HEADER_TIMER0                
ASxxxx Linker V03.00/V05.40 + sdld,  page 6.
Hexadecimal  [32-Bits]

Area                                    Addr        Size        Decimal Bytes (Attributes)
--------------------------------        ----        ----        ------- ----- ------------
.  .ABS.                            00000000    00000000 =           0. bytes (ABS,CON)

      Value  Global                              Global Defined In Module
      -----  --------------------------------   ------------------------
     00000005  ___bank_VM_RTC                     vm_rtc
     00000005  ___bank_VM_SIO                     vm_sio
     00000005  ___bank_bg_placeholder_tilemap     bg_placeholder_tilemap
     00000005  ___bank_scene_0_collisions         scene_0_collisions
     00000005  ___bank_scene_10_actors            scene_10_actors
     00000005  ___bank_scene_11_actors            scene_11_actors
     00000005  ___bank_scene_12_collisions        scene_12_collisions
     00000005  ___bank_scene_13_actors            scene_13_actors
     00000005  ___bank_scene_13_collisions        scene_13_collisions
     00000005  ___bank_scene_14_actors            scene_14_actors
     00000005  ___bank_scene_14_collisions        scene_14_collisions
     00000005  ___bank_scene_15_collisions        scene_15_collisions
     00000005  ___bank_scene_16_collisions        scene_16_collisions
     00000005  ___bank_scene_17_collisions        scene_17_collisions
     00000005  ___bank_scene_6_actors             scene_6_actors
     00000005  ___bank_scene_6_collisions         scene_6_collisions
     00000005  ___bank_scene_7_actors             scene_7_actors
     00000005  ___bank_scene_7_collisions         scene_7_collisions
     00000005  ___bank_scene_9_collisions         scene_9_collisions
     00000005  ___bank_sound_tronimal_sound_eff   sound_tronimal_sound_effect
     00000005  ___bank_sound_tronimal_sound_eff   sound_tronimal_sound_effect
     00000005  ___bank_sound_tronimal_sound_eff   sound_tronimal_sound_effect
     00000005  ___bank_sound_tronimal_sound_eff   sound_tronimal_sound_effect
     00000005  ___bank_sound_tronimal_sound_eff   sound_tronimal_sound_effect
     00000005  ___bank_sound_tronimal_sound_eff   sound_tronimal_sound_effect
     00000005  ___bank_sound_tronimal_sound_eff   sound_tronimal_sound_effect
     00000005  ___bank_sound_tronimal_sound_eff   sound_tronimal_sound_effect
     00000005  ___bank_sound_tronimal_sound_eff   sound_tronimal_sound_effect
     00000005  ___bank_sound_tronimal_sound_eff   sound_tronimal_sound_effect
     00000005  ___bank_sprite_skunk_player_tile   sprite_skunk_player_tileset
     00000005  b_SIO_init                         sio
     00000005  b___HandleCrash_banked             
     00000005  b_atan2                            math_atan2
     00000005  b_fade_applypalettechange          fade_manager
     00000005  b_fade_in                          fade_manager
     00000005  b_fade_in_modal                    fade_manager
     00000005  b_fade_init                        fade_manager
     00000005  b_fade_out                         fade_manager
     00000005  b_fade_out_modal                   fade_manager
     00000005  b_fade_setspeed                    fade_manager
     00000005  b_fade_update                      fade_manager
     00000005  b_gbprinter_detect                 gbprinter
     00000005  b_gbprinter_print_overlay          gbprinter
     00000005  b_trigger_activate_at              trigger
     00000005  b_trigger_activate_at_intersecti   trigger
     00000005  b_trigger_at_intersection          trigger
     00000005  b_trigger_at_tile                  trigger
     00000005  b_trigger_interact                 trigger
     00000005  b_trigger_reset                    trigger
     00000005  b_vm_rtc_get                       vm_rtc
     00000005  b_vm_rtc_latch                     vm_rtc
ASxxxx Linker V03.00/V05.40 + sdld,  page 7.
Hexadecimal  [32-Bits]

Area                                    Addr        Size        Decimal Bytes (Attributes)
--------------------------------        ----        ----        ------- ----- ------------
.  .ABS.                            00000000    00000000 =           0. bytes (ABS,CON)

      Value  Global                              Global Defined In Module
      -----  --------------------------------   ------------------------
     00000005  b_vm_rtc_set                       vm_rtc
     00000005  b_vm_rtc_start                     vm_rtc
     00000005  b_vm_sio_exchange                  vm_sio
     00000005  b_vm_sio_set_mode                  vm_sio
     00000005  l__CRASH_HEADER0                
     00000005  l__HEADER1                      
     00000006  ___bank_VM_MATH                    vm_math
     00000006  ___bank_VM_MUSIC                   vm_music
     00000006  ___bank_VM_PALETTE                 vm_palette
     00000006  ___bank_VM_PROJECTILE              vm_projectiles
     00000006  ___bank_actor_0_update             actor_0_update
     00000006  ___bank_actor_10_update            actor_10_update
     00000006  ___bank_actor_11_update            actor_11_update
     00000006  ___bank_actor_12_update            actor_12_update
     00000006  ___bank_actor_13_update            actor_13_update
     00000006  ___bank_actor_14_update            actor_14_update
     00000006  ___bank_actor_15_update            actor_15_update
     00000006  ___bank_actor_16_update            actor_16_update
     00000006  ___bank_actor_17_update            actor_17_update
     00000006  ___bank_actor_18_update            actor_18_update
     00000006  ___bank_actor_19_update            actor_19_update
     00000006  ___bank_actor_1_update             actor_1_update
     00000006  ___bank_actor_20_update            actor_20_update
     00000006  ___bank_actor_21_update            actor_21_update
     00000006  ___bank_actor_22_update            actor_22_update
     00000006  ___bank_actor_23_update            actor_23_update
     00000006  ___bank_actor_24_update            actor_24_update
     00000006  ___bank_actor_25_update            actor_25_update
     00000006  ___bank_actor_26_update            actor_26_update
     00000006  ___bank_actor_27_update            actor_27_update
     00000006  ___bank_actor_28_update            actor_28_update
     00000006  ___bank_actor_29_update            actor_29_update
     00000006  ___bank_actor_2_update             actor_2_update
     00000006  ___bank_actor_30_update            actor_30_update
     00000006  ___bank_actor_31_update            actor_31_update
     00000006  ___bank_actor_32_update            actor_32_update
     00000006  ___bank_actor_34_update            actor_34_update
     00000006  ___bank_actor_35_update            actor_35_update
     00000006  ___bank_actor_36_update            actor_36_update
     00000006  ___bank_actor_3_update             actor_3_update
     00000006  ___bank_actor_47_update            actor_47_update
     00000006  ___bank_actor_50_update            actor_50_update
     00000006  ___bank_actor_53_update            actor_53_update
     00000006  ___bank_actor_58_update            actor_58_update
     00000006  ___bank_actor_59_update            actor_59_update
     00000006  ___bank_actor_5_update             actor_5_update
     00000006  ___bank_actor_60_update            actor_60_update
     00000006  ___bank_actor_71_update            actor_71_update
     00000006  ___bank_actor_8_update             actor_8_update
     00000006  ___bank_scene_0_init               scene_0_init
     00000006  ___bank_scene_10_init              scene_10_init
ASxxxx Linker V03.00/V05.40 + sdld,  page 8.
Hexadecimal  [32-Bits]

Area                                    Addr        Size        Decimal Bytes (Attributes)
--------------------------------        ----        ----        ------- ----- ------------
.  .ABS.                            00000000    00000000 =           0. bytes (ABS,CON)

      Value  Global                              Global Defined In Module
      -----  --------------------------------   ------------------------
     00000006  ___bank_scene_12_actors            scene_12_actors
     00000006  ___bank_scene_15_init              scene_15_init
     00000006  ___bank_scene_16_init              scene_16_init
     00000006  ___bank_scene_17_init              scene_17_init
     00000006  ___bank_scene_18_collisions        scene_18_collisions
     00000006  ___bank_scene_18_init              scene_18_init
     00000006  ___bank_scene_1_actors             scene_1_actors
     00000006  ___bank_scene_2_collisions         scene_2_collisions
     00000006  ___bank_scene_2_init               scene_2_init
     00000006  ___bank_scene_4_collisions         scene_4_collisions
     00000006  ___bank_scene_4_init               scene_4_init
     00000006  ___bank_scene_5_collisions         scene_5_collisions
     00000006  ___bank_scene_8_collisions         scene_8_collisions
     00000006  ___bank_scene_9_actors             scene_9_actors
     00000006  ___bank_sprite_actor_animated_ti   sprite_actor_animated_tilese
     00000006  ___bank_sprite_log_copy            sprite_log_copy
     00000006  b_itoa_fmt                         vm_ui_a
     00000006  b_music_events_poll                music_manager
     00000006  b_music_init_driver                music_manager
     00000006  b_music_init_events                music_manager
     00000006  b_vm_cos_scale                     vm_math
     00000006  b_vm_load_palette                  vm_palette
     00000006  b_vm_music_mute                    vm_music
     00000006  b_vm_music_play                    vm_music
     00000006  b_vm_music_routine                 vm_music
     00000006  b_vm_music_setpos                  vm_music
     00000006  b_vm_music_stop                    vm_music
     00000006  b_vm_projectile_launch             vm_projectiles
     00000006  b_vm_projectile_load_type          vm_projectiles
     00000006  b_vm_sfx_play                      vm_music
     00000006  b_vm_sin_scale                     vm_math
     00000006  b_vm_sound_mastervol               vm_music
     00000006  l__HEADER8                      
     00000007  ___bank_VM_GBPRINTER               vm_gbprinter
     00000007  ___bank_VM_LOAD_SAVE               vm_load_save
     00000007  ___bank_VM_SCENE                   vm_scene
     00000007  ___bank_actor_0_interact           actor_0_interact
     00000007  ___bank_actor_10_interact          actor_10_interact
     00000007  ___bank_actor_12_interact          actor_12_interact
     00000007  ___bank_actor_13_interact          actor_13_interact
     00000007  ___bank_actor_14_interact          actor_14_interact
     00000007  ___bank_actor_15_interact          actor_15_interact
     00000007  ___bank_actor_16_interact          actor_16_interact
     00000007  ___bank_actor_17_interact          actor_17_interact
     00000007  ___bank_actor_18_interact          actor_18_interact
     00000007  ___bank_actor_1_interact           actor_1_interact
     00000007  ___bank_actor_20_interact          actor_20_interact
     00000007  ___bank_actor_21_interact          actor_21_interact
     00000007  ___bank_actor_22_interact          actor_22_interact
     00000007  ___bank_actor_23_interact          actor_23_interact
     00000007  ___bank_actor_24_interact          actor_24_interact
ASxxxx Linker V03.00/V05.40 + sdld,  page 9.
Hexadecimal  [32-Bits]

Area                                    Addr        Size        Decimal Bytes (Attributes)
--------------------------------        ----        ----        ------- ----- ------------
.  .ABS.                            00000000    00000000 =           0. bytes (ABS,CON)

      Value  Global                              Global Defined In Module
      -----  --------------------------------   ------------------------
     00000007  ___bank_actor_25_interact          actor_25_interact
     00000007  ___bank_actor_26_interact          actor_26_interact
     00000007  ___bank_actor_27_interact          actor_27_interact
     00000007  ___bank_actor_28_interact          actor_28_interact
     00000007  ___bank_actor_29_interact          actor_29_interact
     00000007  ___bank_actor_2_interact           actor_2_interact
     00000007  ___bank_actor_31_interact          actor_31_interact
     00000007  ___bank_actor_32_interact          actor_32_interact
     00000007  ___bank_actor_33_interact          actor_33_interact
     00000007  ___bank_actor_33_update            actor_33_update
     00000007  ___bank_actor_34_interact          actor_34_interact
     00000007  ___bank_actor_35_interact          actor_35_interact
     00000007  ___bank_actor_37_interact          actor_37_interact
     00000007  ___bank_actor_37_update            actor_37_update
     00000007  ___bank_actor_38_interact          actor_38_interact
     00000007  ___bank_actor_38_update            actor_38_update
     00000007  ___bank_actor_39_interact          actor_39_interact
     00000007  ___bank_actor_39_update            actor_39_update
     00000007  ___bank_actor_3_interact           actor_3_interact
     00000007  ___bank_actor_40_interact          actor_40_interact
     00000007  ___bank_actor_40_update            actor_40_update
     00000007  ___bank_actor_41_interact          actor_41_interact
     00000007  ___bank_actor_41_update            actor_41_update
     00000007  ___bank_actor_42_interact          actor_42_interact
     00000007  ___bank_actor_42_update            actor_42_update
     00000007  ___bank_actor_43_interact          actor_43_interact
     00000007  ___bank_actor_43_update            actor_43_update
     00000007  ___bank_actor_44_interact          actor_44_interact
     00000007  ___bank_actor_44_update            actor_44_update
     00000007  ___bank_actor_45_interact          actor_45_interact
     00000007  ___bank_actor_45_update            actor_45_update
     00000007  ___bank_actor_46_interact          actor_46_interact
     00000007  ___bank_actor_46_update            actor_46_update
     00000007  ___bank_actor_48_interact          actor_48_interact
     00000007  ___bank_actor_48_update            actor_48_update
     00000007  ___bank_actor_49_interact          actor_49_interact
     00000007  ___bank_actor_49_update            actor_49_update
     00000007  ___bank_actor_4_interact           actor_4_interact
     00000007  ___bank_actor_4_update             actor_4_update
     00000007  ___bank_actor_50_interact          actor_50_interact
     00000007  ___bank_actor_51_interact          actor_51_interact
     00000007  ___bank_actor_51_update            actor_51_update
     00000007  ___bank_actor_52_interact          actor_52_interact
     00000007  ___bank_actor_52_update            actor_52_update
     00000007  ___bank_actor_54_interact          actor_54_interact
     00000007  ___bank_actor_54_update            actor_54_update
     00000007  ___bank_actor_55_interact          actor_55_interact
     00000007  ___bank_actor_55_update            actor_55_update
     00000007  ___bank_actor_56_interact          actor_56_interact
     00000007  ___bank_actor_56_update            actor_56_update
     00000007  ___bank_actor_57_interact          actor_57_interact
ASxxxx Linker V03.00/V05.40 + sdld,  page 10.
Hexadecimal  [32-Bits]

Area                                    Addr        Size        Decimal Bytes (Attributes)
--------------------------------        ----        ----        ------- ----- ------------
.  .ABS.                            00000000    00000000 =           0. bytes (ABS,CON)

      Value  Global                              Global Defined In Module
      -----  --------------------------------   ------------------------
     00000007  ___bank_actor_57_update            actor_57_update
     00000007  ___bank_actor_58_interact          actor_58_interact
     00000007  ___bank_actor_59_interact          actor_59_interact
     00000007  ___bank_actor_61_interact          actor_61_interact
     00000007  ___bank_actor_61_update            actor_61_update
     00000007  ___bank_actor_62_interact          actor_62_interact
     00000007  ___bank_actor_62_update            actor_62_update
     00000007  ___bank_actor_63_interact          actor_63_interact
     00000007  ___bank_actor_63_update            actor_63_update
     00000007  ___bank_actor_64_interact          actor_64_interact
     00000007  ___bank_actor_64_update            actor_64_update
     00000007  ___bank_actor_65_interact          actor_65_interact
     00000007  ___bank_actor_65_update            actor_65_update
     00000007  ___bank_actor_66_interact          actor_66_interact
     00000007  ___bank_actor_66_update            actor_66_update
     00000007  ___bank_actor_67_interact          actor_67_interact
     00000007  ___bank_actor_67_update            actor_67_update
     00000007  ___bank_actor_68_interact          actor_68_interact
     00000007  ___bank_actor_68_update            actor_68_update
     00000007  ___bank_actor_69_interact          actor_69_interact
     00000007  ___bank_actor_69_update            actor_69_update
     00000007  ___bank_actor_6_interact           actor_6_interact
     00000007  ___bank_actor_6_update             actor_6_update
     00000007  ___bank_actor_70_interact          actor_70_interact
     00000007  ___bank_actor_70_update            actor_70_update
     00000007  ___bank_actor_7_interact           actor_7_interact
     00000007  ___bank_actor_7_update             actor_7_update
     00000007  ___bank_actor_8_interact           actor_8_interact
     00000007  ___bank_actor_9_interact           actor_9_interact
     00000007  ___bank_actor_9_update             actor_9_update
     00000007  ___bank_bg_placeholder_tileset     bg_placeholder_tileset
     00000007  ___bank_frame_image                frame_image
     00000007  ___bank_scene_0                    scene_0
     00000007  ___bank_scene_1                    scene_1
     00000007  ___bank_scene_10                   scene_10
     00000007  ___bank_scene_10_triggers          scene_10_triggers
     00000007  ___bank_scene_11                   scene_11
     00000007  ___bank_scene_11_triggers          scene_11_triggers
     00000007  ___bank_scene_12                   scene_12
     00000007  ___bank_scene_12_init              scene_12_init
     00000007  ___bank_scene_12_triggers          scene_12_triggers
     00000007  ___bank_scene_13                   scene_13
     00000007  ___bank_scene_13_triggers          scene_13_triggers
     00000007  ___bank_scene_14                   scene_14
     00000007  ___bank_scene_14_triggers          scene_14_triggers
     00000007  ___bank_scene_15                   scene_15
     00000007  ___bank_scene_16                   scene_16
     00000007  ___bank_scene_17                   scene_17
     00000007  ___bank_scene_18                   scene_18
     00000007  ___bank_scene_1_init               scene_1_init
     00000007  ___bank_scene_1_triggers           scene_1_triggers
ASxxxx Linker V03.00/V05.40 + sdld,  page 11.
Hexadecimal  [32-Bits]

Area                                    Addr        Size        Decimal Bytes (Attributes)
--------------------------------        ----        ----        ------- ----- ------------
.  .ABS.                            00000000    00000000 =           0. bytes (ABS,CON)

      Value  Global                              Global Defined In Module
      -----  --------------------------------   ------------------------
     00000007  ___bank_scene_2                    scene_2
     00000007  ___bank_scene_4                    scene_4
     00000007  ___bank_scene_5                    scene_5
     00000007  ___bank_scene_6                    scene_6
     00000007  ___bank_scene_6_triggers           scene_6_triggers
     00000007  ___bank_scene_7                    scene_7
     00000007  ___bank_scene_7_triggers           scene_7_triggers
     00000007  ___bank_scene_8                    scene_8
     00000007  ___bank_scene_8_init               scene_8_init
     00000007  ___bank_scene_9                    scene_9
     00000007  ___bank_scene_9_init               scene_9_init
     00000007  ___bank_scene_9_triggers           scene_9_triggers
     00000007  ___bank_sprite_actor_animated      sprite_actor_animated
     00000007  ___bank_sprite_dog                 sprite_dog
     00000007  ___bank_sprite_dog_tileset         sprite_dog_tileset
     00000007  ___bank_sprite_fcarrr              sprite_fcarrr
     00000007  ___bank_sprite_fcarrr_tileset      sprite_fcarrr_tileset
     00000007  ___bank_sprite_fox                 sprite_fox
     00000007  ___bank_sprite_fox_tileset         sprite_fox_tileset
     00000007  ___bank_sprite_log                 sprite_log
     00000007  ___bank_sprite_log_copy_tileset    sprite_log_copy_tileset
     00000007  ___bank_sprite_log_tileset         sprite_log_tileset
     00000007  ___bank_sprite_skateboard_man_sp   sprite_skateboard_man_sprit
     00000007  ___bank_sprite_skateboard_man_sp   sprite_skateboard_man_sprit_
     00000007  ___bank_sprite_skunk_player        sprite_skunk_player
     00000007  ___bank_tileset_default_frame      tileset_default_frame
     00000007  ___bank_trigger_0_interact         trigger_0_interact
     00000007  ___bank_trigger_11_interact        trigger_11_interact
     00000007  ___bank_trigger_12_interact        trigger_12_interact
     00000007  ___bank_trigger_13_interact        trigger_13_interact
     00000007  ___bank_trigger_14_interact        trigger_14_interact
     00000007  ___bank_trigger_15_interact        trigger_15_interact
     00000007  ___bank_trigger_16_interact        trigger_16_interact
     00000007  ___bank_trigger_1_interact         trigger_1_interact
     00000007  ___bank_trigger_20_interact        trigger_20_interact
     00000007  ___bank_trigger_21_interact        trigger_21_interact
     00000007  ___bank_trigger_22_interact        trigger_22_interact
     00000007  ___bank_trigger_23_interact        trigger_23_interact
     00000007  ___bank_trigger_25_interact        trigger_25_interact
     00000007  ___bank_trigger_26_interact        trigger_26_interact
     00000007  ___bank_trigger_29_interact        trigger_29_interact
     00000007  ___bank_trigger_2_interact         trigger_2_interact
     00000007  ___bank_trigger_32_interact        trigger_32_interact
     00000007  ___bank_trigger_33_interact        trigger_33_interact
     00000007  ___bank_trigger_34_interact        trigger_34_interact
     00000007  ___bank_trigger_35_interact        trigger_35_interact
     00000007  ___bank_trigger_36_interact        trigger_36_interact
     00000007  ___bank_trigger_3_interact         trigger_3_interact
     00000007  ___bank_trigger_40_interact        trigger_40_interact
     00000007  ___bank_trigger_41_interact        trigger_41_interact
     00000007  ___bank_trigger_42_interact        trigger_42_interact
ASxxxx Linker V03.00/V05.40 + sdld,  page 12.
Hexadecimal  [32-Bits]

Area                                    Addr        Size        Decimal Bytes (Attributes)
--------------------------------        ----        ----        ------- ----- ------------
.  .ABS.                            00000000    00000000 =           0. bytes (ABS,CON)

      Value  Global                              Global Defined In Module
      -----  --------------------------------   ------------------------
     00000007  ___bank_trigger_43_interact        trigger_43_interact
     00000007  ___bank_trigger_46_interact        trigger_46_interact
     00000007  ___bank_trigger_47_interact        trigger_47_interact
     00000007  ___bank_trigger_48_interact        trigger_48_interact
     00000007  ___bank_trigger_49_interact        trigger_49_interact
     00000007  ___bank_trigger_56_interact        trigger_56_interact
     00000007  ___bank_trigger_57_interact        trigger_57_interact
     00000007  ___bank_trigger_58_interact        trigger_58_interact
     00000007  ___bank_trigger_59_interact        trigger_59_interact
     00000007  ___bank_trigger_5_interact         trigger_5_interact
     00000007  ___bank_trigger_63_interact        trigger_63_interact
     00000007  ___bank_trigger_64_interact        trigger_64_interact
     00000007  ___bank_trigger_65_interact        trigger_65_interact
     00000007  ___bank_trigger_66_interact        trigger_66_interact
     00000007  ___bank_trigger_70_interact        trigger_70_interact
     00000007  ___bank_trigger_7_interact         trigger_7_interact
     00000007  ___bank_trigger_8_interact         trigger_8_interact
     00000007  b_events_init                      events
     00000007  b_scroll_rect                      
     00000007  b_timers_init                      events
     00000007  b_vm_print_detect                  vm_gbprinter
     00000007  b_vm_print_overlay                 vm_gbprinter
     00000007  b_vm_save_clear                    vm_load_save
     00000007  b_vm_save_peek                     vm_load_save
     00000007  b_vm_scene_pop                     vm_scene
     00000007  b_vm_scene_pop_all                 vm_scene
     00000007  b_vm_scene_push                    vm_scene
     00000007  b_vm_scene_stack_reset             vm_scene
     00000007  l__HEADER2                      
     00000008  ___bank_actor_11_interact          actor_11_interact
     00000008  ___bank_actor_19_interact          actor_19_interact
     00000008  ___bank_actor_30_interact          actor_30_interact
     00000008  ___bank_actor_36_interact          actor_36_interact
     00000008  ___bank_actor_47_interact          actor_47_interact
     00000008  ___bank_actor_53_interact          actor_53_interact
     00000008  ___bank_actor_5_interact           actor_5_interact
     00000008  ___bank_actor_60_interact          actor_60_interact
     00000008  ___bank_actor_71_interact          actor_71_interact
     00000008  ___bank_bg_map2                    bg_map2
     00000008  ___bank_bg_map3                    bg_map3
     00000008  ___bank_bg_mmmmmmmmmmmmmap         bg_mmmmmmmmmmmmmap
     00000008  ___bank_bg_placeholder             bg_placeholder
     00000008  ___bank_bootstrap_script           
     00000008  ___bank_cursor_image               cursor_image
     00000008  ___bank_scene_10_sprites           scene_10_sprites
     00000008  ___bank_scene_11_init              scene_11_init
     00000008  ___bank_scene_11_sprites           scene_11_sprites
     00000008  ___bank_scene_12_sprites           scene_12_sprites
     00000008  ___bank_scene_13_init              scene_13_init
     00000008  ___bank_scene_13_sprites           scene_13_sprites
     00000008  ___bank_scene_14_init              scene_14_init
ASxxxx Linker V03.00/V05.40 + sdld,  page 13.
Hexadecimal  [32-Bits]

Area                                    Addr        Size        Decimal Bytes (Attributes)
--------------------------------        ----        ----        ------- ----- ------------
.  .ABS.                            00000000    00000000 =           0. bytes (ABS,CON)

      Value  Global                              Global Defined In Module
      -----  --------------------------------   ------------------------
     00000008  ___bank_scene_14_sprites           scene_14_sprites
     00000008  ___bank_scene_1_sprites            scene_1_sprites
     00000008  ___bank_scene_6_init               scene_6_init
     00000008  ___bank_scene_6_sprites            scene_6_sprites
     00000008  ___bank_scene_7_init               scene_7_init
     00000008  ___bank_scene_7_sprites            scene_7_sprites
     00000008  ___bank_scene_9_sprites            scene_9_sprites
     00000008  ___bank_script_engine_init         
     00000008  ___bank_sound_legacy_0             sound_legacy_0
     00000008  ___bank_sound_legacy_0_0           sound_legacy_0_0
     00000008  ___bank_sound_legacy_0_1           sound_legacy_0_1
     00000008  ___bank_sound_legacy_0_2           sound_legacy_0_2
     00000008  ___bank_sound_legacy_0_3           sound_legacy_0_3
     00000008  ___bank_spritesheet_none           spritesheet_none
     00000008  ___bank_trigger_10_interact        trigger_10_interact
     00000008  ___bank_trigger_17_interact        trigger_17_interact
     00000008  ___bank_trigger_18_interact        trigger_18_interact
     00000008  ___bank_trigger_19_interact        trigger_19_interact
     00000008  ___bank_trigger_27_interact        trigger_27_interact
     00000008  ___bank_trigger_28_interact        trigger_28_interact
     00000008  ___bank_trigger_30_interact        trigger_30_interact
     00000008  ___bank_trigger_31_interact        trigger_31_interact
     00000008  ___bank_trigger_37_interact        trigger_37_interact
     00000008  ___bank_trigger_38_interact        trigger_38_interact
     00000008  ___bank_trigger_39_interact        trigger_39_interact
     00000008  ___bank_trigger_45_interact        trigger_45_interact
     00000008  ___bank_trigger_4_interact         trigger_4_interact
     00000008  ___bank_trigger_50_interact        trigger_50_interact
     00000008  ___bank_trigger_51_interact        trigger_51_interact
     00000008  ___bank_trigger_52_interact        trigger_52_interact
     00000008  ___bank_trigger_53_interact        trigger_53_interact
     00000008  ___bank_trigger_54_interact        trigger_54_interact
     00000008  ___bank_trigger_55_interact        trigger_55_interact
     00000008  ___bank_trigger_60_interact        trigger_60_interact
     00000008  ___bank_trigger_61_interact        trigger_61_interact
     00000008  ___bank_trigger_62_interact        trigger_62_interact
     00000008  ___bank_trigger_68_interact        trigger_68_interact
     00000008  ___bank_trigger_69_interact        trigger_69_interact
     00000008  ___bank_trigger_6_interact         trigger_6_interact
     00000008  ___bank_trigger_71_interact        trigger_71_interact
     00000008  ___bank_trigger_72_interact        trigger_72_interact
     00000008  ___bank_trigger_73_interact        trigger_73_interact
     00000008  ___bank_trigger_74_interact        trigger_74_interact
     00000008  ___bank_trigger_75_interact        trigger_75_interact
     00000008  ___bank_trigger_76_interact        trigger_76_interact
     00000008  ___bank_trigger_77_interact        trigger_77_interact
     00000008  ___bank_trigger_9_interact         trigger_9_interact
     00000008  ___mute_mask_sound_legacy_0        sound_legacy_0
     00000008  ___mute_mask_sound_legacy_0_1      sound_legacy_0_1
     00000008  ___mute_mask_sound_legacy_0_2      sound_legacy_0_2
     00000008  ___mute_mask_sound_legacy_0_3      sound_legacy_0_3
ASxxxx Linker V03.00/V05.40 + sdld,  page 14.
Hexadecimal  [32-Bits]

Area                                    Addr        Size        Decimal Bytes (Attributes)
--------------------------------        ----        ----        ------- ----- ------------
.  .ABS.                            00000000    00000000 =           0. bytes (ABS,CON)

      Value  Global                              Global Defined In Module
      -----  --------------------------------   ------------------------
     00000008  ___mute_mask_sound_tronimal_soun   sound_tronimal_sound_effect
     00000008  ___mute_mask_sound_tronimal_soun   sound_tronimal_sound_effect
     00000008  b_camera_init                      camera
     00000008  b_input_init                       input
     00000008  b_logo_init                        logo
     00000008  b_logo_update                      logo
     00000008  b_palette_init                     palette
     00000008  l__HEADER3                      
     0000000A  ___mute_mask_sound_tronimal_soun   sound_tronimal_sound_effect
     0000000C  __start_save                    
     00000018  l__INITIALIZED                  
     00000018  l__INITIALIZER                  
     00000027  l__GSINIT                       
     00000030  l__HEADER7                      
     00000060  l__HEADER4                      
     000000AB  l__HEADER11                     
     000001CB  l__CRASH_SCRATCH2               
     00000200  s__CODE                         
     00000605  l__CODE_8                       
     00000E4C  l__CODE                         
     0000104C  s__HOME                         
     00001971  l__DATA                         
     00002000  _rROMB0                            
     00002C6D  l__HOME                         
     00003000  _rROMB1                            
     00003CB9  s__BASE                         
     00003CB9  s__CODE_0                       
     00003CB9  s__INITIALIZER                  
     00003CB9  s__LIT                          
     00003CD1  s__GSINIT                       
     00003CF8  s__GSFINAL                      
     00003FFB  l__CODE_7                       
     00003FFC  l__CODE_2                       
     00003FFF  l__CODE_4                       
     00003FFF  l__CODE_6                       
     00004000  _RTC_SELECT_REG                    vm_rtc
     00004000  _rRAMB                             
     00004000  l__CODE_1                       
     00004000  l__CODE_3                       
     00004000  l__CODE_5                       
     00006000  _RTC_LATCH_REG                     vm_rtc
     00008000  __VRAM                             
     00008000  __VRAM8000                         
     00008800  __VRAM8800                         
     00009000  __VRAM9000                         
     00009800  __SCRN0                            
     00009C00  __SCRN1                            
     0000A000  _RTC_VALUE_REG                     vm_rtc
     0000A000  __SRAM                             
     0000C000  __RAM                              
     0000C000  _shadow_OAM                     
ASxxxx Linker V03.00/V05.40 + sdld,  page 15.
Hexadecimal  [32-Bits]

Area                                    Addr        Size        Decimal Bytes (Attributes)
--------------------------------        ----        ----        ------- ----- ------------
.  .ABS.                            00000000    00000000 =           0. bytes (ABS,CON)

      Value  Global                              Global Defined In Module
      -----  --------------------------------   ------------------------
     0000C0A0  s__DATA                         
     0000D000  __RAMBANK                          
     0000DA11  s__BSS                          
     0000DA11  s__INITIALIZED                  
     0000DA29  s__HEAP                         
     0000DA29  s__HEAP_END                     
     0000DF00  .STACK                          
     0000DF00  _shadow_OAM2                       absolute
     0000DFA0  _BkgPalette                        absolute
     0000DFE0  _vwf_tile_data                     absolute
     0000FE00  __OAMRAM                           
     0000FF00  _P1_REG                            
     0000FF00  __IO                               
     0000FF01  _SB_REG                            
     0000FF02  _SC_REG                            
     0000FF04  _DIV_REG                           
     0000FF05  _TIMA_REG                          
     0000FF06  _TMA_REG                           
     0000FF07  _TAC_REG                           
     0000FF0F  _IF_REG                            
     0000FF10  _NR10_REG                          
     0000FF11  _NR11_REG                          
     0000FF12  _NR12_REG                          
     0000FF13  _NR13_REG                          
     0000FF14  _NR14_REG                          
     0000FF16  _NR21_REG                          
     0000FF17  _NR22_REG                          
     0000FF18  _NR23_REG                          
     0000FF19  _NR24_REG                          
     0000FF1A  _NR30_REG                          
     0000FF1B  _NR31_REG                          
     0000FF1C  _NR32_REG                          
     0000FF1D  _NR33_REG                          
     0000FF1E  _NR34_REG                          
     0000FF20  _NR41_REG                          
     0000FF21  _NR42_REG                          
     0000FF22  _NR43_REG                          
     0000FF23  _NR44_REG                          
     0000FF24  _NR50_REG                          
     0000FF25  _NR51_REG                          
     0000FF26  _NR52_REG                          
     0000FF30  _AUD3WAVE                          
     0000FF30  _PCM_SAMPLE                        
     0000FF30  __AUD3WAVERAM                      
     0000FF40  _LCDC_REG                          
     0000FF41  _STAT_REG                          
     0000FF42  _SCY_REG                           
     0000FF43  _SCX_REG                           
     0000FF44  _LY_REG                            
     0000FF45  _LYC_REG                           
     0000FF46  _DMA_REG                           
ASxxxx Linker V03.00/V05.40 + sdld,  page 16.
Hexadecimal  [32-Bits]

Area                                    Addr        Size        Decimal Bytes (Attributes)
--------------------------------        ----        ----        ------- ----- ------------
.  .ABS.                            00000000    00000000 =           0. bytes (ABS,CON)

      Value  Global                              Global Defined In Module
      -----  --------------------------------   ------------------------
     0000FF47  _BGP_REG                           
     0000FF48  _OBP0_REG                          
     0000FF49  _OBP1_REG                          
     0000FF4A  _WY_REG                            
     0000FF4B  _WX_REG                            
     0000FF4D  _KEY1_REG                          
     0000FF4F  _VBK_REG                           
     0000FF51  _HDMA1_REG                         
     0000FF52  _HDMA2_REG                         
     0000FF53  _HDMA3_REG                         
     0000FF54  _HDMA4_REG                         
     0000FF55  _HDMA5_REG                         
     0000FF56  _RP_REG                            
     0000FF68  _BCPS_REG                          
     0000FF69  _BCPD_REG                          
     0000FF6A  _OCPS_REG                          
     0000FF6B  _OCPD_REG                          
     0000FF70  _SVBK_REG                          
     0000FF76  _PCM12_REG                         
     0000FF77  _PCM34_REG                         
     0000FF80  .refresh_OAM                    
     0000FF80  __HRAM                             
     0000FFFF  _IE_REG                            
     00014000  s__CODE_1                       
     00024000  s__CODE_2                       
     00034000  s__CODE_3                       
     00044000  s__CODE_4                       
     00054000  s__CODE_5                       
     00064000  s__CODE_6                       
     00074000  s__CODE_7                       
     00084000  s__CODE_8                       
ASxxxx Linker V03.00/V05.40 + sdld,  page 17.
Hexadecimal  [32-Bits]

Area                                    Addr        Size        Decimal Bytes (Attributes)
--------------------------------        ----        ----        ------- ----- ------------
_CODE                               00000200    00000E4C =        3660. bytes (REL,CON)

      Value  Global                              Global Defined In Module
      -----  --------------------------------   ------------------------
     00000200  ___HandleCrash                     
     0000020A  _SIO_send_byte                     
     0000021D  _SIO_receive                       
     0000022E  _GetWinAddr                        
     00000236  _GetBkgAddr                        
     00000244  _state_init                        
     00000249  _state_update                      
     0000026B  _ui_time_masks                     
     00000273  _ui_print_shift_char               
     000002F6  _ui_draw_frame_row                 
     000002FF  .ui_draw_frame_row                 
     00000328  _script_cmds                       vm_instructions
     00000560  _save_signature                    game_signature
     00000564  _start_scene_x                     
     00000566  _start_scene_y                     
     00000568  _start_scene_dir                   
     00000569  _start_scene                       
     0000056C  _start_player_move_speed           
     0000056D  _start_player_anim_tick            
     0000056E  _ui_fonts                          
     00000571  _core_reset_hook                   main
     00000579  _main                              main
     00000581  _state_start_fns                   
     00000587  _state_update_fns                  
     0000058D  _hUGE_init                         hUGEDriver_obj
     0000058F  hUGE_init                          hUGEDriver_obj
     000005E5  _hUGE_mute_channel                 hUGEDriver_obj
     000005E7  hUGE_mute_channel                  hUGEDriver_obj
     00000835  _hUGE_set_position                 hUGEDriver_obj
     00000837  hUGE_set_position                  hUGEDriver_obj
     000009FC  _hUGE_dosound                      hUGEDriver_obj
     000009FC  hUGE_dosound                       hUGEDriver_obj
     00000D28  _get_vram_byte                     
     00000D30  _get_win_tile_xy                   
     00000D38  _get_bkg_tile_xy                   
     00000D5F  _hide_sprites_range                Metasprites
     00000D8E  __mulsuchar                        mul
     00000D91  __muluschar                        mul
     00000D9A  __mulschar                         mul
     00000DA2  __mulint                           mul
     00000DC1  __muluchar                         mul
     00000DD3  _set_vram_byte                     
     00000DDC  _set_win_tile_xy                   
     00000DE5  _set_bkg_tile_xy                   
     00000E14  .sgb_check                         
     00000E14  _sgb_check                         
     00000E5C  _sgb_transfer                      
     00000E61  .sgb_transfer                      
     00000EA2  .copy_vram                         
     00000EA8  _get_data                          
ASxxxx Linker V03.00/V05.40 + sdld,  page 18.
Hexadecimal  [32-Bits]

Area                                    Addr        Size        Decimal Bytes (Attributes)
--------------------------------        ----        ----        ------- ----- ------------
_CODE                               00000200    00000E4C =        3660. bytes (REL,CON)

      Value  Global                              Global Defined In Module
      -----  --------------------------------   ------------------------
     00000EA8  _set_data                          
     00000EA8  _vmemcpy                           
     00000EF6  ___move_metasprite                 Metasprites
     00000F33  ___memcpy                          
     00000F33  _memcpy                            
     00000F65  __divsuchar                        divmod
     00000F6B  __modsuchar                        divmod
     00000F74  __divuschar                        divmod
     00000F7D  __moduschar                        divmod
     00000F89  __divschar                         divmod
     00000F8E  __modschar                         divmod
     00000F95  __divsint                          divmod
     00000F9E  __modsint                          divmod
     00000FAA  __divuchar                         divmod
     00000FAF  __moduchar                         divmod
     00000FB6  __divuint                          divmod
     00000FBF  __moduint                          divmod
     00000FCB  .div8                              divmod
     00000FCB  .mod8                              divmod
     00000FD3  .div16                             divmod
     00000FD3  .mod16                             divmod
     00001009  .divu8                             divmod
     00001009  .modu8                             divmod
     0000100C  .divu16                            divmod
     0000100C  .modu16                            divmod
ASxxxx Linker V03.00/V05.40 + sdld,  page 19.
Hexadecimal  [32-Bits]

Area                                    Addr        Size        Decimal Bytes (Attributes)
--------------------------------        ----        ----        ------- ----- ------------
_HEADER0                            00000000    00000001 =           1. bytes (ABS,CON)

      Value  Global                              Global Defined In Module
      -----  --------------------------------   ------------------------
     00000020  .call_hl                           Runtime

ASxxxx Linker V03.00/V05.40 + sdld,  page 20.
Hexadecimal  [32-Bits]

Area                                    Addr        Size        Decimal Bytes (Attributes)
--------------------------------        ----        ----        ------- ----- ------------
_HEADER1                            00000000    00000005 =           5. bytes (ABS,CON)

      Value  Global                              Global Defined In Module
      -----  --------------------------------   ------------------------
     00000028  .MemsetSmall                       Runtime

ASxxxx Linker V03.00/V05.40 + sdld,  page 21.
Hexadecimal  [32-Bits]

Area                                    Addr        Size        Decimal Bytes (Attributes)
--------------------------------        ----        ----        ------- ----- ------------
_HEADER2                            00000000    00000007 =           7. bytes (ABS,CON)

      Value  Global                              Global Defined In Module
      -----  --------------------------------   ------------------------
     00000030  .MemcpySmall                       Runtime

ASxxxx Linker V03.00/V05.40 + sdld,  page 22.
Hexadecimal  [32-Bits]

Area                                    Addr        Size        Decimal Bytes (Attributes)
--------------------------------        ----        ----        ------- ----- ------------
_HEADER3                            00000000    00000008 =           8. bytes (ABS,CON)

      Value  Global                              Global Defined In Module
      -----  --------------------------------   ------------------------
ASxxxx Linker V03.00/V05.40 + sdld,  page 23.
Hexadecimal  [32-Bits]

Area                                    Addr        Size        Decimal Bytes (Attributes)
--------------------------------        ----        ----        ------- ----- ------------
_HEADER4                            00000000    00000060 =          96. bytes (ABS,CON)

      Value  Global                              Global Defined In Module
      -----  --------------------------------   ------------------------
     00000080  .int                               Runtime
     0000008F  _wait_int_handler                  Runtime
     0000009C  __standard_VBL_handler             Runtime
     000000AB  _refresh_OAM                       Runtime
     000000CC  _set_interrupts                    Runtime

ASxxxx Linker V03.00/V05.40 + sdld,  page 24.
Hexadecimal  [32-Bits]

Area                                    Addr        Size        Decimal Bytes (Attributes)
--------------------------------        ----        ----        ------- ----- ------------
_HEADER5                            00000000    00000001 =           1. bytes (ABS,CON)

      Value  Global                              Global Defined In Module
      -----  --------------------------------   ------------------------
ASxxxx Linker V03.00/V05.40 + sdld,  page 25.
Hexadecimal  [32-Bits]

Area                                    Addr        Size        Decimal Bytes (Attributes)
--------------------------------        ----        ----        ------- ----- ------------
_HEADER6                            00000000    00000002 =           2. bytes (ABS,CON)

      Value  Global                              Global Defined In Module
      -----  --------------------------------   ------------------------
ASxxxx Linker V03.00/V05.40 + sdld,  page 26.
Hexadecimal  [32-Bits]

Area                                    Addr        Size        Decimal Bytes (Attributes)
--------------------------------        ----        ----        ------- ----- ------------
_HEADER7                            00000000    00000030 =          48. bytes (ABS,CON)

      Value  Global                              Global Defined In Module
      -----  --------------------------------   ------------------------
ASxxxx Linker V03.00/V05.40 + sdld,  page 27.
Hexadecimal  [32-Bits]

Area                                    Addr        Size        Decimal Bytes (Attributes)
--------------------------------        ----        ----        ------- ----- ------------
_HEADER8                            00000000    00000006 =           6. bytes (ABS,CON)

      Value  Global                              Global Defined In Module
      -----  --------------------------------   ------------------------
ASxxxx Linker V03.00/V05.40 + sdld,  page 28.
Hexadecimal  [32-Bits]

Area                                    Addr        Size        Decimal Bytes (Attributes)
--------------------------------        ----        ----        ------- ----- ------------
_HEADER9                            00000000    00000003 =           3. bytes (ABS,CON)

      Value  Global                              Global Defined In Module
      -----  --------------------------------   ------------------------
ASxxxx Linker V03.00/V05.40 + sdld,  page 29.
Hexadecimal  [32-Bits]

Area                                    Addr        Size        Decimal Bytes (Attributes)
--------------------------------        ----        ----        ------- ----- ------------
_HEADERa                            00000000    00000001 =           1. bytes (ABS,CON)

      Value  Global                              Global Defined In Module
      -----  --------------------------------   ------------------------
ASxxxx Linker V03.00/V05.40 + sdld,  page 30.
Hexadecimal  [32-Bits]

Area                                    Addr        Size        Decimal Bytes (Attributes)
--------------------------------        ----        ----        ------- ----- ------------
_HEADERb                            00000000    00000001 =           1. bytes (ABS,CON)

      Value  Global                              Global Defined In Module
      -----  --------------------------------   ------------------------
ASxxxx Linker V03.00/V05.40 + sdld,  page 31.
Hexadecimal  [32-Bits]

Area                                    Addr        Size        Decimal Bytes (Attributes)
--------------------------------        ----        ----        ------- ----- ------------
_HEADERc                            00000000    00000001 =           1. bytes (ABS,CON)

      Value  Global                              Global Defined In Module
      -----  --------------------------------   ------------------------
ASxxxx Linker V03.00/V05.40 + sdld,  page 32.
Hexadecimal  [32-Bits]

Area                                    Addr        Size        Decimal Bytes (Attributes)
--------------------------------        ----        ----        ------- ----- ------------
_HEADERd                            00000000    00000002 =           2. bytes (ABS,CON)

      Value  Global                              Global Defined In Module
      -----  --------------------------------   ------------------------
ASxxxx Linker V03.00/V05.40 + sdld,  page 33.
Hexadecimal  [32-Bits]

Area                                    Addr        Size        Decimal Bytes (Attributes)
--------------------------------        ----        ----        ------- ----- ------------
_HEADERe                            00000000    00000001 =           1. bytes (ABS,CON)

      Value  Global                              Global Defined In Module
      -----  --------------------------------   ------------------------
ASxxxx Linker V03.00/V05.40 + sdld,  page 34.
Hexadecimal  [32-Bits]

Area                                    Addr        Size        Decimal Bytes (Attributes)
--------------------------------        ----        ----        ------- ----- ------------
_HEADERf                            00000000    00000001 =           1. bytes (ABS,CON)

      Value  Global                              Global Defined In Module
      -----  --------------------------------   ------------------------
ASxxxx Linker V03.00/V05.40 + sdld,  page 35.
Hexadecimal  [32-Bits]

Area                                    Addr        Size        Decimal Bytes (Attributes)
--------------------------------        ----        ----        ------- ----- ------------
_HEADER10                           00000000    00000002 =           2. bytes (ABS,CON)

      Value  Global                              Global Defined In Module
      -----  --------------------------------   ------------------------
ASxxxx Linker V03.00/V05.40 + sdld,  page 36.
Hexadecimal  [32-Bits]

Area                                    Addr        Size        Decimal Bytes (Attributes)
--------------------------------        ----        ----        ------- ----- ------------
_HEADER11                           00000000    000000AB =         171. bytes (ABS,CON)

      Value  Global                              Global Defined In Module
      -----  --------------------------------   ------------------------
     00000150  .reset                             Runtime
     00000150  _reset                             Runtime
     00000157  .code_start                        Runtime
     000001B9  _exit                              Runtime
     000001BD  .wait_vbl_done                     Runtime
     000001BD  _vsync                             Runtime
     000001BD  _wait_vbl_done                     Runtime
     000001CD  .remove_VBL                        Runtime
     000001CD  _remove_VBL                        Runtime
     000001D0  .remove_int                        Runtime
     000001ED  .add_VBL                           Runtime
     000001ED  _add_VBL                           Runtime
     000001F0  .add_int                           Runtime

ASxxxx Linker V03.00/V05.40 + sdld,  page 37.
Hexadecimal  [32-Bits]

Area                                    Addr        Size        Decimal Bytes (Attributes)
--------------------------------        ----        ----        ------- ----- ------------
_HOME                               0000104C    00002C6D =       11373. bytes (REL,CON)

      Value  Global                              Global Defined In Module
      -----  --------------------------------   ------------------------
     0000104C  .memset_simple                     Runtime
     00001055  .memcpy_simple                     Runtime
     00001072  .display_off                       Runtime
     00001072  _display_off                       Runtime
     0000108A  _actors_update                     actor
     000014E4  _SetBankedBkgData                  bankdata
     00001500  _SetBankedSpriteData               bankdata
     0000151C  _SetBankedBkgTiles                 bankdata
     00001538  _SetBankedWinTiles                 bankdata
     00001554  _ReadBankedFarPtr                  bankdata
     00001576  _ReadBankedUWORD                   bankdata
     00001590  _MemcpyBanked                      bankdata
     000015B2  _MemcpyVRAMBanked                  bankdata
     000015E1  _IndexOfFarPtr                     bankdata
     00001666  _camera_update                     camera
     00001799  _load_animations                   data_manager
     000017F2  _events_update                     events
     000018C5  _timers_update                     events
     0000194E  _input_update                      input
     00001971  .sio_ISR                           
     000019CB  .timer_ISR                         
     000019E0  _simple_LCD_isr                    interrupts
     00001A5F  _fullscreen_LCD_isr                interrupts
     00001A8B  _VBL_isr                           interrupts
     00001AD5  _isqrt                             math
     00001B32  _sine_wave                         math
     00001C32  _dir_lookup                        math
     00001C3A  _dir_angle_lookup                  math
     00001C3E  _hUGETrackerRoutine                music_manager
     00001C65  _music_events_update               music_manager
     00001CE7  _music_play_isr                    music_manager
     00001D88  _parallax_LCD_isr                  parallax
     00001DC5  _projectiles_update                projectiles
     00002246  _projectiles_render                projectiles
     0000239B  _scroll_load_pending_row           scroll
     000023E9  _scroll_load_row                   scroll
     00002429  _scroll_load_col                   scroll
     0000245E  _scroll_load_pending_col           scroll
     000024AD  _set_bkg_submap                    
     000024F0  _set_xy_win_submap                 
     0000251D  .set_xy_win_submap                 
     00002526  .set_xy_bkg_submap                 
     00002535  .set_xy_submap                     
     00002581  _sfx_play_isr                      sfx_player
     0000265A  _on_SIO_receive                    sio
     0000269B  _SIO_update                        sio
     00002702  _ui_update                         ui
     0000283A  _vm_sgb_transfer                   vm_sgb
     00002887  _vm_load_text                      vm_ui
     00002ADD  _vm_switch                         vm
ASxxxx Linker V03.00/V05.40 + sdld,  page 38.
Hexadecimal  [32-Bits]

Area                                    Addr        Size        Decimal Bytes (Attributes)
--------------------------------        ----        ----        ------- ----- ------------
_HOME                               0000104C    00002C6D =       11373. bytes (REL,CON)

      Value  Global                              Global Defined In Module
      -----  --------------------------------   ------------------------
     00002C0E  _vm_beginthread                    vm
     00002D32  _vm_rpn                            vm
     0000374A  _vm_get_far                        vm
     000037B8  _vm_call_native                    vm
     000037CB  _VM_STEP                           vm
     00003835  _script_runner_update              vm
     0000399A  _fill_win_rect                     
     000039AC  _rand                              
     000039AC  _randw                             
     000039D7  _initrand                          
     000039D9  .initrand                          
     000039E2  _get_bkg_data                      
     000039E2  _get_win_data                      
     00003A2F  _get_sprite_data                   
     00003A62  _abs                               abs
     00003A6F  _set_win_tiles                     
     00003A83  _set_tile_data                     
     00003A88  _set_bkg_data                      
     00003A88  _set_win_data                      
     00003A90  _set_sprite_data                   
     00003AC0  _reverse                           reverse
     00003AF4  ___call__banked                    far_ptr
     00003B11  _to_far_ptr                        far_ptr
     00003B47  .add_LCD                           
     00003B47  _add_LCD                           
     00003B4D  .remove_LCD                        
     00003B4D  _remove_LCD                        
     00003B53  .fill_rect_wtt                     
     00003B5C  .fill_rect_btt                     
     00003BA9  _fill_bkg_rect                     
     00003BBB  .padup                             
     00003BBB  _waitpadup                         
     00003BCB  .jpad                              
     00003BCB  _joypad                            
     00003BF3  _waitpad                           
     00003BF4  .wait_pad                          
     00003BFB  ___sdcc_call_hl                    call_hl
     00003BFC  _memset                            memset
     00003C2F  .set_xy_wtt                        SetTileMap
     00003C38  .set_xy_btt                        SetTileMap
     00003C47  .set_xy_tt                         SetTileMap
     00003C8B  ___sdcc_bcall_ehl                  
     00003CA5  _set_bkg_tiles                     
ASxxxx Linker V03.00/V05.40 + sdld,  page 39.
Hexadecimal  [32-Bits]

Area                                    Addr        Size        Decimal Bytes (Attributes)
--------------------------------        ----        ----        ------- ----- ------------
_INITIALIZER                        00003CB9    00000018 =          24. bytes (REL,CON)

      Value  Global                              Global Defined In Module
      -----  --------------------------------   ------------------------
ASxxxx Linker V03.00/V05.40 + sdld,  page 40.
Hexadecimal  [32-Bits]

Area                                    Addr        Size        Decimal Bytes (Attributes)
--------------------------------        ----        ----        ------- ----- ------------
_GSINIT                             00003CD1    00000027 =          39. bytes (REL,CON)

      Value  Global                              Global Defined In Module
      -----  --------------------------------   ------------------------
     00003CD1  gsinit                             Runtime

ASxxxx Linker V03.00/V05.40 + sdld,  page 41.
Hexadecimal  [32-Bits]

Area                                    Addr        Size        Decimal Bytes (Attributes)
--------------------------------        ----        ----        ------- ----- ------------
_GSFINAL                            00003CF8    00000001 =           1. bytes (REL,CON)

      Value  Global                              Global Defined In Module
      -----  --------------------------------   ------------------------
ASxxxx Linker V03.00/V05.40 + sdld,  page 42.
Hexadecimal  [32-Bits]

Area                                    Addr        Size        Decimal Bytes (Attributes)
--------------------------------        ----        ----        ------- ----- ------------
_DATA                               0000C0A0    00001971 =        6513. bytes (REL,CON)

      Value  Global                              Global Defined In Module
      -----  --------------------------------   ------------------------
     0000C0A0  __cpu                              Runtime
     0000C0A1  __is_GBA                           Runtime
     0000C0A2  .mode                              Runtime
     0000C0A3  .sys_time                          Runtime
     0000C0A3  _sys_time                          Runtime
     0000C0A5  .int_0x40                          Runtime
     0000C0B1  _actors                            actor
     0000C4F5  _actors_active_head                actor
     0000C4F7  _actors_active_tail                actor
     0000C4F9  _actors_inactive_head              actor
     0000C4FB  _screen_x                          actor
     0000C4FC  _screen_y                          actor
     0000C4FD  _invalid                           actor
     0000C4FF  _player_moving                     actor
     0000C500  _player_iframes                    actor
     0000C501  _player_collision_actor            actor
[...]
C:/Users/lvbor/AppData/Local/Temp/_gbsbuild/obj/scene_6_triggers.rel
                                          [ scene_6_triggers ]
C:/Users/lvbor/AppData/Local/Temp/_gbsbuild/obj/scene_6.rel
                                          [ scene_6 ]
C:/Users/lvbor/AppData/Local/Temp/_gbsbuild/obj/scene_7_actors.rel
                                          [ scene_7_actors ]
C:/Users/lvbor/AppData/Local/Temp/_gbsbuild/obj/scene_7_collisions.rel
                                          [ scene_7_collisions ]
C:/Users/lvbor/AppData/Local/Temp/_gbsbuild/obj/scene_7_init.rel
                                          [ scene_7_init ]
C:/Users/lvbor/AppData/Local/Temp/_gbsbuild/obj/scene_7_sprites.rel
                                          [ scene_7_sprites ]
C:/Users/lvbor/AppData/Local/Temp/_gbsbuild/obj/scene_7_triggers.rel
                                          [ scene_7_triggers ]
C:/Users/lvbor/AppData/Local/Temp/_gbsbuild/obj/scene_7.rel
                                          [ scene_7 ]
C:/Users/lvbor/AppData/Local/Temp/_gbsbuild/obj/scene_8_collisions.rel
                                          [ scene_8_collisions ]
C:/Users/lvbor/AppData/Local/Temp/_gbsbuild/obj/scene_8_init.rel
                                          [ scene_8_init ]
C:/Users/lvbor/AppData/Local/Temp/_gbsbuild/obj/scene_8.rel
                                          [ scene_8 ]
C:/Users/lvbor/AppData/Local/Temp/_gbsbuild/obj/scene_9_actors.rel
                                          [ scene_9_actors ]
C:/Users/lvbor/AppData/Local/Temp/_gbsbuild/obj/scene_9_collisions.rel
                                          [ scene_9_collisions ]
C:/Users/lvbor/AppData/Local/Temp/_gbsbuild/obj/scene_9_init.rel
                                          [ scene_9_init ]
C:/Users/lvbor/AppData/Local/Temp/_gbsbuild/obj/scene_9_sprites.rel
                                          [ scene_9_sprites ]
C:/Users/lvbor/AppData/Local/Temp/_gbsbuild/obj/scene_9_triggers.rel
                                          [ scene_9_triggers ]
C:/Users/lvbor/AppData/Local/Temp/_gbsbuild/obj/scene_9.rel
                                          [ scene_9 ]
C:/Users/lvbor/AppData/Local/Temp/_gbsbuild/obj/script_engine_init.rel
                                          [  ]
C:/Users/lvbor/AppData/Local/Temp/_gbsbuild/obj/sound_legacy_0_0.rel
                                          [ sound_legacy_0_0 ]
C:/Users/lvbor/AppData/Local/Temp/_gbsbuild/obj/sound_legacy_0_1.rel
                                          [ sound_legacy_0_1 ]
C:/Users/lvbor/AppData/Local/Temp/_gbsbuild/obj/sound_legacy_0_2.rel
                                          [ sound_legacy_0_2 ]
C:/Users/lvbor/AppData/Local/Temp/_gbsbuild/obj/sound_legacy_0_3.rel
                                          [ sound_legacy_0_3 ]
C:/Users/lvbor/AppData/Local/Temp/_gbsbuild/obj/sound_legacy_0.rel
                                          [ sound_legacy_0 ]
C:/Users/lvbor/AppData/Local/Temp/_gbsbuild/obj/sound_tronimal_sound_effect.rel
                                          [ sound_tronimal_sound_effect ]
C:/Users/lvbor/AppData/Local/Temp/_gbsbuild/obj/sprite_actor_animated_tileset.rel
                                          [ sprite_actor_animated_tileset ]
C:/Users/lvbor/AppData/Local/Temp/_gbsbuild/obj/sprite_actor_animated.rel
                                          [ sprite_actor_animated ]
C:/Users/lvbor/AppData/Local/Temp/_gbsbuild/obj/sprite_dog_tileset.rel
                                          [ sprite_dog_tileset ]
C:/Users/lvbor/AppData/Local/Temp/_gbsbuild/obj/sprite_dog.rel
                                          [ sprite_dog ]
C:/Users/lvbor/AppData/Local/Temp/_gbsbuild/obj/sprite_fcarrr_tileset.rel
                                          [ sprite_fcarrr_tileset ]
C:/Users/lvbor/AppData/Local/Temp/_gbsbuild/obj/sprite_fcarrr.rel
                                          [ sprite_fcarrr ]
C:/Users/lvbor/AppData/Local/Temp/_gbsbuild/obj/sprite_fox_tileset.rel
                                          [ sprite_fox_tileset ]
C:/Users/lvbor/AppData/Local/Temp/_gbsbuild/obj/sprite_fox.rel
                                          [ sprite_fox ]
C:/Users/lvbor/AppData/Local/Temp/_gbsbuild/obj/sprite_log_copy_tileset.rel
                                          [ sprite_log_copy_tileset ]
C:/Users/lvbor/AppData/Local/Temp/_gbsbuild/obj/sprite_log_copy.rel
                                          [ sprite_log_copy ]
C:/Users/lvbor/AppData/Local/Temp/_gbsbuild/obj/sprite_log_tileset.rel
                                          [ sprite_log_tileset ]
C:/Users/lvbor/AppData/Local/Temp/_gbsbuild/obj/sprite_log.rel
                                          [ sprite_log ]
C:/Users/lvbor/AppData/Local/Temp/_gbsbuild/obj/sprite_skateboard_man_sprit_tileset.rel
                                          [ sprite_skateboard_man_sprit_tile ]
C:/Users/lvbor/AppData/Local/Temp/_gbsbuild/obj/sprite_skateboard_man_sprit.rel
                                          [ sprite_skateboard_man_sprit ]
C:/Users/lvbor/AppData/Local/Temp/_gbsbuild/obj/sprite_skunk_player_tileset.rel
                                          [ sprite_skunk_player_tileset ]
C:/Users/lvbor/AppData/Local/Temp/_gbsbuild/obj/sprite_skunk_player.rel
                                          [ sprite_skunk_player ]
C:/Users/lvbor/AppData/Local/Temp/_gbsbuild/obj/spritesheet_none.rel
                                          [ spritesheet_none ]
C:/Users/lvbor/AppData/Local/Temp/_gbsbuild/obj/tileset_default_frame.rel
                                          [ tileset_default_frame ]
C:/Users/lvbor/AppData/Local/Temp/_gbsbuild/obj/trigger_0_interact.rel
                                          [ trigger_0_interact ]
C:/Users/lvbor/AppData/Local/Temp/_gbsbuild/obj/trigger_1_interact.rel
                                          [ trigger_1_interact ]
C:/Users/lvbor/AppData/Local/Temp/_gbsbuild/obj/trigger_10_interact.rel
                                          [ trigger_10_interact ]
C:/Users/lvbor/AppData/Local/Temp/_gbsbuild/obj/trigger_11_interact.rel
                                          [ trigger_11_interact ]
C:/Users/lvbor/AppData/Local/Temp/_gbsbuild/obj/trigger_12_interact.rel
                                          [ trigger_12_interact ]
C:/Users/lvbor/AppData/Local/Temp/_gbsbuild/obj/trigger_13_interact.rel
                                          [ trigger_13_interact ]
C:/Users/lvbor/AppData/Local/Temp/_gbsbuild/obj/trigger_14_interact.rel
                                          [ trigger_14_interact ]
C:/Users/lvbor/AppData/Local/Temp/_gbsbuild/obj/trigger_15_interact.rel
                                          [ trigger_15_interact ]
C:/Users/lvbor/AppData/Local/Temp/_gbsbuild/obj/trigger_16_interact.rel
                                          [ trigger_16_interact ]
C:/Users/lvbor/AppData/Local/Temp/_gbsbuild/obj/trigger_17_interact.rel
                                          [ trigger_17_interact ]
C:/Users/lvbor/AppData/Local/Temp/_gbsbuild/obj/trigger_18_interact.rel
                                          [ trigger_18_interact ]
C:/Users/lvbor/AppData/Local/Temp/_gbsbuild/obj/trigger_19_interact.rel
                                          [ trigger_19_interact ]
C:/Users/lvbor/AppData/Local/Temp/_gbsbuild/obj/trigger_2_interact.rel
                                          [ trigger_2_interact ]
C:/Users/lvbor/AppData/Local/Temp/_gbsbuild/obj/trigger_20_interact.rel
                                          [ trigger_20_interact ]
C:/Users/lvbor/AppData/Local/Temp/_gbsbuild/obj/trigger_21_interact.rel
                                          [ trigger_21_interact ]
C:/Users/lvbor/AppData/Local/Temp/_gbsbuild/obj/trigger_22_interact.rel
                                          [ trigger_22_interact ]
C:/Users/lvbor/AppData/Local/Temp/_gbsbuild/obj/trigger_23_interact.rel
                                          [ trigger_23_interact ]
C:/Users/lvbor/AppData/Local/Temp/_gbsbuild/obj/trigger_25_interact.rel
                                          [ trigger_25_interact ]
C:/Users/lvbor/AppData/Local/Temp/_gbsbuild/obj/trigger_26_interact.rel
                                          [ trigger_26_interact ]
C:/Users/lvbor/AppData/Local/Temp/_gbsbuild/obj/trigger_27_interact.rel
                                          [ trigger_27_interact ]
C:/Users/lvbor/AppData/Local/Temp/_gbsbuild/obj/trigger_28_interact.rel
                                          [ trigger_28_interact ]
C:/Users/lvbor/AppData/Local/Temp/_gbsbuild/obj/trigger_29_interact.rel
                                          [ trigger_29_interact ]
C:/Users/lvbor/AppData/Local/Temp/_gbsbuild/obj/trigger_3_interact.rel
                                          [ trigger_3_interact ]
C:/Users/lvbor/AppData/Local/Temp/_gbsbuild/obj/trigger_30_interact.rel
                                          [ trigger_30_interact ]
C:/Users/lvbor/AppData/Local/Temp/_gbsbuild/obj/trigger_31_interact.rel
                                          [ trigger_31_interact ]
C:/Users/lvbor/AppData/Local/Temp/_gbsbuild/obj/trigger_32_interact.rel
                                          [ trigger_32_interact ]
C:/Users/lvbor/AppData/Local/Temp/_gbsbuild/obj/trigger_33_interact.rel
                                          [ trigger_33_interact ]
C:/Users/lvbor/AppData/Local/Temp/_gbsbuild/obj/trigger_34_interact.rel
                                          [ trigger_34_interact ]
C:/Users/lvbor/AppData/Local/Temp/_gbsbuild/obj/trigger_35_interact.rel
                                          [ trigger_35_interact ]
C:/Users/lvbor/AppData/Local/Temp/_gbsbuild/obj/trigger_36_interact.rel
                                          [ trigger_36_interact ]
C:/Users/lvbor/AppData/Local/Temp/_gbsbuild/obj/trigger_37_interact.rel
                                          [ trigger_37_interact ]
C:/Users/lvbor/AppData/Local/Temp/_gbsbuild/obj/trigger_38_interact.rel
                                          [ trigger_38_interact ]
C:/Users/lvbor/AppData/Local/Temp/_gbsbuild/obj/trigger_39_interact.rel
                                          [ trigger_39_interact ]
C:/Users/lvbor/AppData/Local/Temp/_gbsbuild/obj/trigger_4_interact.rel
                                          [ trigger_4_interact ]
C:/Users/lvbor/AppData/Local/Temp/_gbsbuild/obj/trigger_40_interact.rel
                                          [ trigger_40_interact ]
C:/Users/lvbor/AppData/Local/Temp/_gbsbuild/obj/trigger_41_interact.rel
                                          [ trigger_41_interact ]
C:/Users/lvbor/AppData/Local/Temp/_gbsbuild/obj/trigger_42_interact.rel
                                          [ trigger_42_interact ]
C:/Users/lvbor/AppData/Local/Temp/_gbsbuild/obj/trigger_43_interact.rel
                                          [ trigger_43_interact ]
C:/Users/lvbor/AppData/Local/Temp/_gbsbuild/obj/trigger_45_interact.rel
                                          [ trigger_45_interact ]
C:/Users/lvbor/AppData/Local/Temp/_gbsbuild/obj/trigger_46_interact.rel
                                          [ trigger_46_interact ]
C:/Users/lvbor/AppData/Local/Temp/_gbsbuild/obj/trigger_47_interact.rel
                                          [ trigger_47_interact ]
C:/Users/lvbor/AppData/Local/Temp/_gbsbuild/obj/trigger_48_interact.rel
                                          [ trigger_48_interact ]
C:/Users/lvbor/AppData/Local/Temp/_gbsbuild/obj/trigger_49_interact.rel
                                          [ trigger_49_interact ]
C:/Users/lvbor/AppData/Local/Temp/_gbsbuild/obj/trigger_5_interact.rel
                                          [ trigger_5_interact ]
C:/Users/lvbor/AppData/Local/Temp/_gbsbuild/obj/trigger_50_interact.rel
                                          [ trigger_50_interact ]
C:/Users/lvbor/AppData/Local/Temp/_gbsbuild/obj/trigger_51_interact.rel
                                          [ trigger_51_interact ]
C:/Users/lvbor/AppData/Local/Temp/_gbsbuild/obj/trigger_52_interact.rel
                                          [ trigger_52_interact ]
C:/Users/lvbor/AppData/Local/Temp/_gbsbuild/obj/trigger_53_interact.rel
                                          [ trigger_53_interact ]
C:/Users/lvbor/AppData/Local/Temp/_gbsbuild/obj/trigger_54_interact.rel
                                          [ trigger_54_interact ]
C:/Users/lvbor/AppData/Local/Temp/_gbsbuild/obj/trigger_55_interact.rel
                                          [ trigger_55_interact ]
C:/Users/lvbor/AppData/Local/Temp/_gbsbuild/obj/trigger_56_interact.rel
                                          [ trigger_56_interact ]
C:/Users/lvbor/AppData/Local/Temp/_gbsbuild/obj/trigger_57_interact.rel
                                          [ trigger_57_interact ]
C:/Users/lvbor/AppData/Local/Temp/_gbsbuild/obj/trigger_58_interact.rel
                                          [ trigger_58_interact ]
C:/Users/lvbor/AppData/Local/Temp/_gbsbuild/obj/trigger_59_interact.rel
                                          [ trigger_59_interact ]
C:/Users/lvbor/AppData/Local/Temp/_gbsbuild/obj/trigger_6_interact.rel
                                          [ trigger_6_interact ]
C:/Users/lvbor/AppData/Local/Temp/_gbsbuild/obj/trigger_60_interact.rel
                                          [ trigger_60_interact ]
C:/Users/lvbor/AppData/Local/Temp/_gbsbuild/obj/trigger_61_interact.rel
                                          [ trigger_61_interact ]
C:/Users/lvbor/AppData/Local/Temp/_gbsbuild/obj/trigger_62_interact.rel
                                          [ trigger_62_interact ]
C:/Users/lvbor/AppData/Local/Temp/_gbsbuild/obj/trigger_63_interact.rel
                                          [ trigger_63_interact ]
C:/Users/lvbor/AppData/Local/Temp/_gbsbuild/obj/trigger_64_interact.rel
                                          [ trigger_64_interact ]
C:/Users/lvbor/AppData/Local/Temp/_gbsbuild/obj/trigger_65_interact.rel
                                          [ trigger_65_interact ]
C:/Users/lvbor/AppData/Local/Temp/_gbsbuild/obj/trigger_66_interact.rel
                                          [ trigger_66_interact ]
C:/Users/lvbor/AppData/Local/Temp/_gbsbuild/obj/trigger_68_interact.rel
                                          [ trigger_68_interact ]
C:/Users/lvbor/AppData/Local/Temp/_gbsbuild/obj/trigger_69_interact.rel
                                          [ trigger_69_interact ]
C:/Users/lvbor/AppData/Local/Temp/_gbsbuild/obj/trigger_7_interact.rel
                                          [ trigger_7_interact ]
C:/Users/lvbor/AppData/Local/Temp/_gbsbuild/obj/trigger_70_interact.rel
                                          [ trigger_70_interact ]
C:/Users/lvbor/AppData/Local/Temp/_gbsbuild/obj/trigger_71_interact.rel
                                          [ trigger_71_interact ]
C:/Users/lvbor/AppData/Local/Temp/_gbsbuild/obj/trigger_72_interact.rel
                                          [ trigger_72_interact ]
C:/Users/lvbor/AppData/Local/Temp/_gbsbuild/obj/trigger_73_interact.rel
                                          [ trigger_73_interact ]
C:/Users/lvbor/AppData/Local/Temp/_gbsbuild/obj/trigger_74_interact.rel
                                          [ trigger_74_interact ]
C:/Users/lvbor/AppData/Local/Temp/_gbsbuild/obj/trigger_75_interact.rel
                                          [ trigger_75_interact ]
C:/Users/lvbor/AppData/Local/Temp/_gbsbuild/obj/trigger_76_interact.rel
                                          [ trigger_76_interact ]
C:/Users/lvbor/AppData/Local/Temp/_gbsbuild/obj/trigger_77_interact.rel
                                          [ trigger_77_interact ]
C:/Users/lvbor/AppData/Local/Temp/_gbsbuild/obj/trigger_8_interact.rel
                                          [ trigger_8_interact ]
C:/Users/lvbor/AppData/Local/Temp/_gbsbuild/obj/trigger_9_interact.rel
                                          [ trigger_9_interact ]
C:/Users/lvbor/AppData/Local/Temp/_gbsbuild/obj/main.rel
                                          [ main ]
C:/Users/lvbor/AppData/Local/Temp/_gbsbuild/obj/logo.rel
                                          [ logo ]
C:/Users/lvbor/AppData/Local/Temp/_gbsbuild/obj/states_ptrs.rel
                                          [  ]
C:/Users/lvbor/AppData/Local/Temp/_gbsbuild/obj/topdown.rel
                                          [ topdown ]


Libraries Linked                          [ object file ]

C:\Users\lvbor\AppData\Local\Temp/_gbstools/gbdk/lib/gb/gb.lib
                                          [ fill_rect_wi.o ]
C:\Users\lvbor\AppData\Local\Temp/_gbstools/gbdk/lib/sm83/sm83.lib
                                          [ rand.o ]
lib/hUGEDriver.lib                        [ hUGEDriver.o ]
C:\Users\lvbor\AppData\Local\Temp/_gbstools/gbdk/lib/gb/gb.lib
                                          [ sfr.o ]
C:\Users\lvbor\AppData\Local\Temp/_gbstools/gbdk/lib/gb/gb.lib
                                          [ get_data.o ]
C:\Users\lvbor\AppData\Local\Temp/_gbstools/gbdk/lib/gb/gb.lib
                                          [ get_tile.o ]
C:\Users\lvbor\AppData\Local\Temp/_gbstools/gbdk/lib/gb/gb.lib
                                          [ metasprites_hide_spr.o ]
C:\Users\lvbor\AppData\Local\Temp/_gbstools/gbdk/lib/sm83/sm83.lib
                                          [ mul.o ]
C:\Users\lvbor\AppData\Local\Temp/_gbstools/gbdk/lib/gb/gb.lib
                                          [ set_tile.o ]
C:\Users\lvbor\AppData\Local\Temp/_gbstools/gbdk/lib/sm83/sm83.lib
                                          [ abs.o ]
C:\Users\lvbor\AppData\Local\Temp/_gbstools/gbdk/lib/gb/gb.lib
                                          [ set_wi_t.o ]
C:\Users\lvbor\AppData\Local\Temp/_gbstools/gbdk/lib/gb/gb.lib
                                          [ set_data.o ]
C:\Users\lvbor\AppData\Local\Temp/_gbstools/gbdk/lib/sm83/sm83.lib
                                          [ reverse.o ]
C:\Users\lvbor\AppData\Local\Temp/_gbstools/gbdk/lib/gb/gb.lib
                                          [ far_ptr.o ]
C:\Users\lvbor\AppData\Local\Temp/_gbstools/gbdk/lib/gb/gb.lib
                                          [ sgb.o ]
C:\Users\lvbor\AppData\Local\Temp/_gbstools/gbdk/lib/gb/gb.lib
                                          [ lcd.o ]
C:\Users\lvbor\AppData\Local\Temp/_gbstools/gbdk/lib/gb/gb.lib
                                          [ fill_rect.o ]
C:\Users\lvbor\AppData\Local\Temp/_gbstools/gbdk/lib/gb/gb.lib
                                          [ cpy_data.o ]
C:\Users\lvbor\AppData\Local\Temp/_gbstools/gbdk/lib/gb/gb.lib
                                          [ fill_rect_bk.o ]
C:\Users\lvbor\AppData\Local\Temp/_gbstools/gbdk/lib/gb/gb.lib
                                          [ pad.o ]
C:\Users\lvbor\AppData\Local\Temp/_gbstools/gbdk/lib/gb/gb.lib
                                          [ metasprites.o ]
C:\Users\lvbor\AppData\Local\Temp/_gbstools/gbdk/lib/sm83/sm83.lib
                                          [ __sdcc_call_hl.o ]
C:\Users\lvbor\AppData\Local\Temp/_gbstools/gbdk/lib/sm83/sm83.lib
                                          [ memcpy.o ]
C:\Users\lvbor\AppData\Local\Temp/_gbstools/gbdk/lib/sm83/sm83.lib
                                          [ _memset.o ]
C:\Users\lvbor\AppData\Local\Temp/_gbstools/gbdk/lib/gb/gb.lib
                                          [ set_xy_t.o ]
C:\Users\lvbor\AppData\Local\Temp/_gbstools/gbdk/lib/gb/gb.lib
                                          [ ___sdcc_bcall_ehl.o ]
C:\Users\lvbor\AppData\Local\Temp/_gbstools/gbdk/lib/sm83/sm83.lib
                                          [ div.o ]
C:\Users\lvbor\AppData\Local\Temp/_gbstools/gbdk/lib/gb/gb.lib
                                          [ set_bk_t.o ]

ASxxxx Linker V03.00/V05.40 + sdld,  page 89.

User Base Address Definitions

_DATA=0xC0A0
_CODE=0x0200
ASxxxx Linker V03.00/V05.40 + sdld,  page 90.

User Global Definitions

.STACK=0xDF00
_shadow_OAM=0xC000
.refresh_OAM=0xFF80
__start_save=12

